2026-01-17T18:26:05.432-03:00  INFO 11512 --- [restartedMain] c.c.cafeteria.CafeteriaApplication       : Starting CafeteriaApplication using Java 21.0.9 with PID 11512 (C:\Users\Bernardo\IdeaProjects\BackendCafeteria\target\classes started by Bernardo in C:\Users\Bernardo\IdeaProjects\BackendCafeteria)
2026-01-17T18:26:05.435-03:00 DEBUG 11512 --- [restartedMain] c.c.cafeteria.CafeteriaApplication       : Running with Spring Boot v4.0.0, Spring v7.0.1
2026-01-17T18:26:05.436-03:00  INFO 11512 --- [restartedMain] c.c.cafeteria.CafeteriaApplication       : No active profile set, falling back to 1 default profile: "default"
2026-01-17T18:26:05.499-03:00  INFO 11512 --- [restartedMain] .e.DevToolsPropertyDefaultsPostProcessor : Devtools property defaults active! Set 'spring.devtools.add-properties' to 'false' to disable
2026-01-17T18:26:05.500-03:00  INFO 11512 --- [restartedMain] .e.DevToolsPropertyDefaultsPostProcessor : For additional web related logging consider setting the 'logging.level.web' property to 'DEBUG'
2026-01-17T18:26:06.242-03:00  INFO 11512 --- [restartedMain] .s.d.r.c.RepositoryConfigurationDelegate : Bootstrapping Spring Data JPA repositories in DEFAULT mode.
2026-01-17T18:26:06.311-03:00  INFO 11512 --- [restartedMain] .s.d.r.c.RepositoryConfigurationDelegate : Finished Spring Data repository scanning in 59 ms. Found 2 JPA repository interfaces.
2026-01-17T18:26:06.938-03:00  INFO 11512 --- [restartedMain] o.s.boot.tomcat.TomcatWebServer          : Tomcat initialized with port 8080 (http)
2026-01-17T18:26:06.956-03:00  INFO 11512 --- [restartedMain] o.apache.catalina.core.StandardService   : Starting service [Tomcat]
2026-01-17T18:26:06.957-03:00  INFO 11512 --- [restartedMain] o.apache.catalina.core.StandardEngine    : Starting Servlet engine: [Apache Tomcat/11.0.14]
2026-01-17T18:26:07.024-03:00  INFO 11512 --- [restartedMain] b.w.c.s.WebApplicationContextInitializer : Root WebApplicationContext: initialization completed in 1524 ms
2026-01-17T18:26:07.241-03:00  INFO 11512 --- [restartedMain] o.hibernate.jpa.internal.util.LogHelper  : HHH000204: Processing PersistenceUnitInfo [name: default]
2026-01-17T18:26:07.312-03:00  INFO 11512 --- [restartedMain] org.hibernate.Version                    : HHH000412: Hibernate ORM core version 7.1.8.Final
2026-01-17T18:26:07.927-03:00  INFO 11512 --- [restartedMain] o.s.o.j.p.SpringPersistenceUnitInfo      : No LoadTimeWeaver setup: ignoring JPA class transformer
2026-01-17T18:26:07.967-03:00  INFO 11512 --- [restartedMain] com.zaxxer.hikari.HikariDataSource       : HikariPool-1 - Starting...
2026-01-17T18:26:08.306-03:00  INFO 11512 --- [restartedMain] com.zaxxer.hikari.pool.HikariPool        : HikariPool-1 - Added connection org.postgresql.jdbc.PgConnection@13d7f7b3
2026-01-17T18:26:08.308-03:00  INFO 11512 --- [restartedMain] com.zaxxer.hikari.HikariDataSource       : HikariPool-1 - Start completed.
2026-01-17T18:26:08.350-03:00  WARN 11512 --- [restartedMain] org.hibernate.orm.deprecation            : HHH90000025: PostgreSQLDialect does not need to be specified explicitly using 'hibernate.dialect' (remove the property setting and it will be selected by default)
2026-01-17T18:26:08.407-03:00  INFO 11512 --- [restartedMain] org.hibernate.orm.connections.pooling    : HHH10001005: Database info:
	Database JDBC URL [jdbc:postgresql://100.72.47.104:5432/cafeteria]
	Database driver: PostgreSQL JDBC Driver
	Database dialect: PostgreSQLDialect
	Database version: 18.1
	Default catalog/schema: cafeteria/public
	Autocommit mode: undefined/unknown
	Isolation level: READ_COMMITTED [default READ_COMMITTED]
	JDBC fetch size: none
	Pool: DatasourceConnectionProviderImpl
	Minimum pool size: undefined/unknown
	Maximum pool size: undefined/unknown
2026-01-17T18:26:09.338-03:00  INFO 11512 --- [restartedMain] o.h.e.t.j.p.i.JtaPlatformInitiator       : HHH000489: No JTA platform available (set 'hibernate.transaction.jta.platform' to enable JTA platform integration)
2026-01-17T18:26:09.454-03:00  INFO 11512 --- [restartedMain] j.LocalContainerEntityManagerFactoryBean : Initialized JPA EntityManagerFactory for persistence unit 'default'
2026-01-17T18:26:09.556-03:00  INFO 11512 --- [restartedMain] o.s.d.j.r.query.QueryEnhancerFactories   : Hibernate is in classpath; If applicable, HQL parser will be used.
2026-01-17T18:26:09.774-03:00  WARN 11512 --- [restartedMain] JpaBaseConfiguration$JpaWebConfiguration : spring.jpa.open-in-view is enabled by default. Therefore, database queries may be performed during view rendering. Explicitly configure spring.jpa.open-in-view to disable this warning
2026-01-17T18:26:09.878-03:00  WARN 11512 --- [restartedMain] .s.a.UserDetailsServiceAutoConfiguration : 

Using generated security password: 5c8be962-d9c8-497e-a1eb-b9831b85a42c

This generated password is for development use only. Your security configuration must be updated before running your application in production.

2026-01-17T18:26:09.887-03:00  INFO 11512 --- [restartedMain] r$InitializeUserDetailsManagerConfigurer : Global AuthenticationManager configured with UserDetailsService bean with name inMemoryUserDetailsManager
2026-01-17T18:26:10.387-03:00  INFO 11512 --- [restartedMain] o.s.boot.tomcat.TomcatWebServer          : Tomcat started on port 8080 (http) with context path '/'
2026-01-17T18:26:10.395-03:00  INFO 11512 --- [restartedMain] c.c.cafeteria.CafeteriaApplication       : Started CafeteriaApplication in 5.459 seconds (process running for 6.019)
2026-01-17T18:26:15.929-03:00  INFO 11512 --- [http-nio-8080-exec-1] o.a.c.c.C.[Tomcat].[localhost].[/]       : Initializing Spring DispatcherServlet 'dispatcherServlet'
2026-01-17T18:26:15.930-03:00  INFO 11512 --- [http-nio-8080-exec-1] o.s.web.servlet.DispatcherServlet        : Initializing Servlet 'dispatcherServlet'
2026-01-17T18:26:15.931-03:00  INFO 11512 --- [http-nio-8080-exec-1] o.s.web.servlet.DispatcherServlet        : Completed initialization in 1 ms
2026-01-17T18:26:16.720-03:00 DEBUG 11512 --- [http-nio-8080-exec-1] c.c.cafeteria.Services.AccountService    : Usuário não encontrado para o email: {
    "email": "balvesdeoliveira3@gmail.com",
    "password": "123456"
}
2026-01-17T18:27:18.503-03:00 DEBUG 11512 --- [http-nio-8080-exec-5] c.c.cafeteria.Services.AccountService    : Usuário não encontrado para o email: {
    "email": "balvesdeoliveira3@gmail.com",
    "password": "123456"
}
2026-01-17T18:27:21.350-03:00  INFO 11512 --- [SpringApplicationShutdownHook] o.s.boot.tomcat.GracefulShutdown         : Commencing graceful shutdown. Waiting for active requests to complete
2026-01-17T18:27:21.354-03:00  INFO 11512 --- [tomcat-shutdown] o.s.boot.tomcat.GracefulShutdown         : Graceful shutdown complete
2026-01-17T18:27:21.359-03:00  INFO 11512 --- [SpringApplicationShutdownHook] j.LocalContainerEntityManagerFactoryBean : Closing JPA EntityManagerFactory for persistence unit 'default'
2026-01-17T18:27:21.362-03:00  INFO 11512 --- [SpringApplicationShutdownHook] com.zaxxer.hikari.HikariDataSource       : HikariPool-1 - Shutdown initiated...
2026-01-17T18:27:21.366-03:00  INFO 11512 --- [SpringApplicationShutdownHook] com.zaxxer.hikari.HikariDataSource       : HikariPool-1 - Shutdown completed.
2026-01-17T18:27:38.145-03:00  INFO 11240 --- [restartedMain] c.c.cafeteria.CafeteriaApplication       : Starting CafeteriaApplication using Java 21.0.9 with PID 11240 (C:\Users\Bernardo\IdeaProjects\BackendCafeteria\target\classes started by Bernardo in C:\Users\Bernardo\IdeaProjects\BackendCafeteria)
2026-01-17T18:27:38.148-03:00 DEBUG 11240 --- [restartedMain] c.c.cafeteria.CafeteriaApplication       : Running with Spring Boot v4.0.0, Spring v7.0.1
2026-01-17T18:27:38.149-03:00  INFO 11240 --- [restartedMain] c.c.cafeteria.CafeteriaApplication       : No active profile set, falling back to 1 default profile: "default"
2026-01-17T18:27:38.212-03:00  INFO 11240 --- [restartedMain] .e.DevToolsPropertyDefaultsPostProcessor : Devtools property defaults active! Set 'spring.devtools.add-properties' to 'false' to disable
2026-01-17T18:27:38.212-03:00  INFO 11240 --- [restartedMain] .e.DevToolsPropertyDefaultsPostProcessor : For additional web related logging consider setting the 'logging.level.web' property to 'DEBUG'
2026-01-17T18:27:38.914-03:00  INFO 11240 --- [restartedMain] .s.d.r.c.RepositoryConfigurationDelegate : Bootstrapping Spring Data JPA repositories in DEFAULT mode.
2026-01-17T18:27:38.981-03:00  INFO 11240 --- [restartedMain] .s.d.r.c.RepositoryConfigurationDelegate : Finished Spring Data repository scanning in 56 ms. Found 2 JPA repository interfaces.
2026-01-17T18:27:39.598-03:00  INFO 11240 --- [restartedMain] o.s.boot.tomcat.TomcatWebServer          : Tomcat initialized with port 8080 (http)
2026-01-17T18:27:39.617-03:00  INFO 11240 --- [restartedMain] o.apache.catalina.core.StandardService   : Starting service [Tomcat]
2026-01-17T18:27:39.618-03:00  INFO 11240 --- [restartedMain] o.apache.catalina.core.StandardEngine    : Starting Servlet engine: [Apache Tomcat/11.0.14]
2026-01-17T18:27:39.668-03:00  INFO 11240 --- [restartedMain] b.w.c.s.WebApplicationContextInitializer : Root WebApplicationContext: initialization completed in 1456 ms
2026-01-17T18:27:39.842-03:00  INFO 11240 --- [restartedMain] o.hibernate.jpa.internal.util.LogHelper  : HHH000204: Processing PersistenceUnitInfo [name: default]
2026-01-17T18:27:39.900-03:00  INFO 11240 --- [restartedMain] org.hibernate.Version                    : HHH000412: Hibernate ORM core version 7.1.8.Final
2026-01-17T18:27:40.431-03:00  INFO 11240 --- [restartedMain] o.s.o.j.p.SpringPersistenceUnitInfo      : No LoadTimeWeaver setup: ignoring JPA class transformer
2026-01-17T18:27:40.472-03:00  INFO 11240 --- [restartedMain] com.zaxxer.hikari.HikariDataSource       : HikariPool-1 - Starting...
2026-01-17T18:27:40.687-03:00  INFO 11240 --- [restartedMain] com.zaxxer.hikari.pool.HikariPool        : HikariPool-1 - Added connection org.postgresql.jdbc.PgConnection@4e7925f5
2026-01-17T18:27:40.689-03:00  INFO 11240 --- [restartedMain] com.zaxxer.hikari.HikariDataSource       : HikariPool-1 - Start completed.
2026-01-17T18:27:40.734-03:00  WARN 11240 --- [restartedMain] org.hibernate.orm.deprecation            : HHH90000025: PostgreSQLDialect does not need to be specified explicitly using 'hibernate.dialect' (remove the property setting and it will be selected by default)
2026-01-17T18:27:40.789-03:00  INFO 11240 --- [restartedMain] org.hibernate.orm.connections.pooling    : HHH10001005: Database info:
	Database JDBC URL [jdbc:postgresql://100.72.47.104:5432/cafeteria]
	Database driver: PostgreSQL JDBC Driver
	Database dialect: PostgreSQLDialect
	Database version: 18.1
	Default catalog/schema: cafeteria/public
	Autocommit mode: undefined/unknown
	Isolation level: READ_COMMITTED [default READ_COMMITTED]
	JDBC fetch size: none
	Pool: DatasourceConnectionProviderImpl
	Minimum pool size: undefined/unknown
	Maximum pool size: undefined/unknown
2026-01-17T18:27:41.702-03:00  INFO 11240 --- [restartedMain] o.h.e.t.j.p.i.JtaPlatformInitiator       : HHH000489: No JTA platform available (set 'hibernate.transaction.jta.platform' to enable JTA platform integration)
2026-01-17T18:27:41.820-03:00  INFO 11240 --- [restartedMain] j.LocalContainerEntityManagerFactoryBean : Initialized JPA EntityManagerFactory for persistence unit 'default'
2026-01-17T18:27:41.921-03:00  INFO 11240 --- [restartedMain] o.s.d.j.r.query.QueryEnhancerFactories   : Hibernate is in classpath; If applicable, HQL parser will be used.
2026-01-17T18:27:42.142-03:00  WARN 11240 --- [restartedMain] JpaBaseConfiguration$JpaWebConfiguration : spring.jpa.open-in-view is enabled by default. Therefore, database queries may be performed during view rendering. Explicitly configure spring.jpa.open-in-view to disable this warning
2026-01-17T18:27:42.244-03:00  WARN 11240 --- [restartedMain] .s.a.UserDetailsServiceAutoConfiguration : 

Using generated security password: 6a2dfb15-d29d-40e9-9ea6-b69975c46519

This generated password is for development use only. Your security configuration must be updated before running your application in production.

2026-01-17T18:27:42.258-03:00  INFO 11240 --- [restartedMain] r$InitializeUserDetailsManagerConfigurer : Global AuthenticationManager configured with UserDetailsService bean with name inMemoryUserDetailsManager
2026-01-17T18:27:42.761-03:00  INFO 11240 --- [restartedMain] o.s.boot.tomcat.TomcatWebServer          : Tomcat started on port 8080 (http) with context path '/'
2026-01-17T18:27:42.957-03:00  INFO 11240 --- [restartedMain] c.c.cafeteria.CafeteriaApplication       : Started CafeteriaApplication in 5.34 seconds (process running for 5.9)
2026-01-17T18:27:47.727-03:00  INFO 11240 --- [http-nio-8080-exec-2] o.a.c.c.C.[Tomcat].[localhost].[/]       : Initializing Spring DispatcherServlet 'dispatcherServlet'
2026-01-17T18:27:47.727-03:00  INFO 11240 --- [http-nio-8080-exec-2] o.s.web.servlet.DispatcherServlet        : Initializing Servlet 'dispatcherServlet'
2026-01-17T18:27:47.728-03:00  INFO 11240 --- [http-nio-8080-exec-2] o.s.web.servlet.DispatcherServlet        : Completed initialization in 1 ms
2026-01-17T18:27:48.473-03:00 DEBUG 11240 --- [http-nio-8080-exec-2] c.c.cafeteria.Services.AccountService    : Usuário recebido do DB: Optional.empty
2026-01-17T18:27:48.474-03:00 DEBUG 11240 --- [http-nio-8080-exec-2] c.c.cafeteria.Services.AccountService    : Usuário não encontrado para o email: {
    "email": "balvesdeoliveira3@gmail.com",
    "password": "123456"
}
2026-01-17T18:29:49.374-03:00 DEBUG 11240 --- [http-nio-8080-exec-5] c.c.cafeteria.Services.AccountService    : Usuário recebido do DB: Optional.empty
2026-01-17T18:29:49.375-03:00 DEBUG 11240 --- [http-nio-8080-exec-5] c.c.cafeteria.Services.AccountService    : Usuário não encontrado para o email: {
    "email": "balvesdeoliveira3@gmail.com"
}
2026-01-17T18:36:48.495-03:00  INFO 11240 --- [SpringApplicationShutdownHook] o.s.boot.tomcat.GracefulShutdown         : Commencing graceful shutdown. Waiting for active requests to complete
2026-01-17T18:36:48.499-03:00  INFO 11240 --- [tomcat-shutdown] o.s.boot.tomcat.GracefulShutdown         : Graceful shutdown complete
2026-01-17T18:36:48.503-03:00  INFO 11240 --- [SpringApplicationShutdownHook] j.LocalContainerEntityManagerFactoryBean : Closing JPA EntityManagerFactory for persistence unit 'default'
2026-01-17T18:36:48.507-03:00  INFO 11240 --- [SpringApplicationShutdownHook] com.zaxxer.hikari.HikariDataSource       : HikariPool-1 - Shutdown initiated...
2026-01-17T18:36:48.510-03:00  INFO 11240 --- [SpringApplicationShutdownHook] com.zaxxer.hikari.HikariDataSource       : HikariPool-1 - Shutdown completed.
2026-01-17T18:37:06.419-03:00  INFO 15868 --- [restartedMain] c.c.cafeteria.CafeteriaApplication       : Starting CafeteriaApplication using Java 21.0.9 with PID 15868 (C:\Users\Bernardo\IdeaProjects\BackendCafeteria\target\classes started by Bernardo in C:\Users\Bernardo\IdeaProjects\BackendCafeteria)
2026-01-17T18:37:06.422-03:00 DEBUG 15868 --- [restartedMain] c.c.cafeteria.CafeteriaApplication       : Running with Spring Boot v4.0.0, Spring v7.0.1
2026-01-17T18:37:06.423-03:00  INFO 15868 --- [restartedMain] c.c.cafeteria.CafeteriaApplication       : No active profile set, falling back to 1 default profile: "default"
2026-01-17T18:37:06.478-03:00  INFO 15868 --- [restartedMain] .e.DevToolsPropertyDefaultsPostProcessor : Devtools property defaults active! Set 'spring.devtools.add-properties' to 'false' to disable
2026-01-17T18:37:06.479-03:00  INFO 15868 --- [restartedMain] .e.DevToolsPropertyDefaultsPostProcessor : For additional web related logging consider setting the 'logging.level.web' property to 'DEBUG'
2026-01-17T18:37:07.189-03:00  INFO 15868 --- [restartedMain] .s.d.r.c.RepositoryConfigurationDelegate : Bootstrapping Spring Data JPA repositories in DEFAULT mode.
2026-01-17T18:37:07.253-03:00  INFO 15868 --- [restartedMain] .s.d.r.c.RepositoryConfigurationDelegate : Finished Spring Data repository scanning in 54 ms. Found 2 JPA repository interfaces.
2026-01-17T18:37:07.862-03:00  INFO 15868 --- [restartedMain] o.s.boot.tomcat.TomcatWebServer          : Tomcat initialized with port 8080 (http)
2026-01-17T18:37:07.877-03:00  INFO 15868 --- [restartedMain] o.apache.catalina.core.StandardService   : Starting service [Tomcat]
2026-01-17T18:37:07.878-03:00  INFO 15868 --- [restartedMain] o.apache.catalina.core.StandardEngine    : Starting Servlet engine: [Apache Tomcat/11.0.14]
2026-01-17T18:37:07.932-03:00  INFO 15868 --- [restartedMain] b.w.c.s.WebApplicationContextInitializer : Root WebApplicationContext: initialization completed in 1452 ms
2026-01-17T18:37:08.105-03:00  INFO 15868 --- [restartedMain] o.hibernate.jpa.internal.util.LogHelper  : HHH000204: Processing PersistenceUnitInfo [name: default]
2026-01-17T18:37:08.162-03:00  INFO 15868 --- [restartedMain] org.hibernate.Version                    : HHH000412: Hibernate ORM core version 7.1.8.Final
2026-01-17T18:37:08.684-03:00  INFO 15868 --- [restartedMain] o.s.o.j.p.SpringPersistenceUnitInfo      : No LoadTimeWeaver setup: ignoring JPA class transformer
2026-01-17T18:37:08.725-03:00  INFO 15868 --- [restartedMain] com.zaxxer.hikari.HikariDataSource       : HikariPool-1 - Starting...
2026-01-17T18:37:09.070-03:00  INFO 15868 --- [restartedMain] com.zaxxer.hikari.pool.HikariPool        : HikariPool-1 - Added connection org.postgresql.jdbc.PgConnection@4e7925f5
2026-01-17T18:37:09.071-03:00  INFO 15868 --- [restartedMain] com.zaxxer.hikari.HikariDataSource       : HikariPool-1 - Start completed.
2026-01-17T18:37:09.117-03:00  WARN 15868 --- [restartedMain] org.hibernate.orm.deprecation            : HHH90000025: PostgreSQLDialect does not need to be specified explicitly using 'hibernate.dialect' (remove the property setting and it will be selected by default)
2026-01-17T18:37:09.171-03:00  INFO 15868 --- [restartedMain] org.hibernate.orm.connections.pooling    : HHH10001005: Database info:
	Database JDBC URL [jdbc:postgresql://100.72.47.104:5432/cafeteria]
	Database driver: PostgreSQL JDBC Driver
	Database dialect: PostgreSQLDialect
	Database version: 18.1
	Default catalog/schema: cafeteria/public
	Autocommit mode: undefined/unknown
	Isolation level: READ_COMMITTED [default READ_COMMITTED]
	JDBC fetch size: none
	Pool: DatasourceConnectionProviderImpl
	Minimum pool size: undefined/unknown
	Maximum pool size: undefined/unknown
2026-01-17T18:37:10.157-03:00  INFO 15868 --- [restartedMain] o.h.e.t.j.p.i.JtaPlatformInitiator       : HHH000489: No JTA platform available (set 'hibernate.transaction.jta.platform' to enable JTA platform integration)
2026-01-17T18:37:10.279-03:00  INFO 15868 --- [restartedMain] j.LocalContainerEntityManagerFactoryBean : Initialized JPA EntityManagerFactory for persistence unit 'default'
2026-01-17T18:37:10.400-03:00  INFO 15868 --- [restartedMain] o.s.d.j.r.query.QueryEnhancerFactories   : Hibernate is in classpath; If applicable, HQL parser will be used.
2026-01-17T18:37:10.787-03:00  WARN 15868 --- [restartedMain] JpaBaseConfiguration$JpaWebConfiguration : spring.jpa.open-in-view is enabled by default. Therefore, database queries may be performed during view rendering. Explicitly configure spring.jpa.open-in-view to disable this warning
2026-01-17T18:37:10.908-03:00  WARN 15868 --- [restartedMain] .s.a.UserDetailsServiceAutoConfiguration : 

Using generated security password: 1144a269-4a82-4ef8-9e7a-48a605b2233a

This generated password is for development use only. Your security configuration must be updated before running your application in production.

2026-01-17T18:37:10.918-03:00  INFO 15868 --- [restartedMain] r$InitializeUserDetailsManagerConfigurer : Global AuthenticationManager configured with UserDetailsService bean with name inMemoryUserDetailsManager
2026-01-17T18:37:11.439-03:00  INFO 15868 --- [restartedMain] o.s.boot.tomcat.TomcatWebServer          : Tomcat started on port 8080 (http) with context path '/'
2026-01-17T18:37:11.447-03:00  INFO 15868 --- [restartedMain] c.c.cafeteria.CafeteriaApplication       : Started CafeteriaApplication in 5.56 seconds (process running for 6.275)
2026-01-17T18:37:18.715-03:00  INFO 15868 --- [http-nio-8080-exec-1] o.a.c.c.C.[Tomcat].[localhost].[/]       : Initializing Spring DispatcherServlet 'dispatcherServlet'
2026-01-17T18:37:18.715-03:00  INFO 15868 --- [http-nio-8080-exec-1] o.s.web.servlet.DispatcherServlet        : Initializing Servlet 'dispatcherServlet'
2026-01-17T18:37:18.717-03:00  INFO 15868 --- [http-nio-8080-exec-1] o.s.web.servlet.DispatcherServlet        : Completed initialization in 1 ms
2026-01-17T18:37:19.348-03:00 DEBUG 15868 --- [http-nio-8080-exec-1] c.c.cafeteria.Services.AccountService    : Usuário recebido do DB: Optional[com.cafeteria.cafeteria.Models.User@752cce8]
2026-01-17T18:37:19.451-03:00 DEBUG 15868 --- [http-nio-8080-exec-1] c.c.cafeteria.Services.AccountService    : Usuário recebido: balvesdeoliveira3@gmail.com
2026-01-17T18:37:19.451-03:00 DEBUG 15868 --- [http-nio-8080-exec-1] c.c.cafeteria.Services.AccountService    : Senha válida: true
2026-01-17T18:37:29.709-03:00 DEBUG 15868 --- [http-nio-8080-exec-3] c.c.cafeteria.Services.AccountService    : Usuário recebido do DB: Optional[com.cafeteria.cafeteria.Models.User@1d104041]
2026-01-17T18:37:29.806-03:00 DEBUG 15868 --- [http-nio-8080-exec-3] c.c.cafeteria.Services.AccountService    : Usuário recebido: balvesdeoliveira3@gmail.com
2026-01-17T18:37:29.807-03:00 DEBUG 15868 --- [http-nio-8080-exec-3] c.c.cafeteria.Services.AccountService    : Senha válida: false
2026-01-17T18:37:34.003-03:00 DEBUG 15868 --- [http-nio-8080-exec-4] c.c.cafeteria.Services.AccountService    : Usuário recebido do DB: Optional[com.cafeteria.cafeteria.Models.User@333ba774]
2026-01-17T18:37:34.105-03:00 DEBUG 15868 --- [http-nio-8080-exec-4] c.c.cafeteria.Services.AccountService    : Usuário recebido: balvesdeoliveira3@gmail.com
2026-01-17T18:37:34.106-03:00 DEBUG 15868 --- [http-nio-8080-exec-4] c.c.cafeteria.Services.AccountService    : Senha válida: false
2026-01-17T18:40:02.163-03:00  INFO 15868 --- [SpringApplicationShutdownHook] o.s.boot.tomcat.GracefulShutdown         : Commencing graceful shutdown. Waiting for active requests to complete
2026-01-17T18:40:02.167-03:00  INFO 15868 --- [tomcat-shutdown] o.s.boot.tomcat.GracefulShutdown         : Graceful shutdown complete
2026-01-17T18:40:02.171-03:00  INFO 15868 --- [SpringApplicationShutdownHook] j.LocalContainerEntityManagerFactoryBean : Closing JPA EntityManagerFactory for persistence unit 'default'
2026-01-17T18:40:02.176-03:00  INFO 15868 --- [SpringApplicationShutdownHook] com.zaxxer.hikari.HikariDataSource       : HikariPool-1 - Shutdown initiated...
2026-01-17T18:40:02.180-03:00  INFO 15868 --- [SpringApplicationShutdownHook] com.zaxxer.hikari.HikariDataSource       : HikariPool-1 - Shutdown completed.
2026-01-17T18:40:21.186-03:00  INFO 14244 --- [restartedMain] c.c.cafeteria.CafeteriaApplication       : Starting CafeteriaApplication using Java 21.0.9 with PID 14244 (C:\Users\Bernardo\IdeaProjects\BackendCafeteria\target\classes started by Bernardo in C:\Users\Bernardo\IdeaProjects\BackendCafeteria)
2026-01-17T18:40:21.189-03:00 DEBUG 14244 --- [restartedMain] c.c.cafeteria.CafeteriaApplication       : Running with Spring Boot v4.0.0, Spring v7.0.1
2026-01-17T18:40:21.190-03:00  INFO 14244 --- [restartedMain] c.c.cafeteria.CafeteriaApplication       : No active profile set, falling back to 1 default profile: "default"
2026-01-17T18:40:21.247-03:00  INFO 14244 --- [restartedMain] .e.DevToolsPropertyDefaultsPostProcessor : Devtools property defaults active! Set 'spring.devtools.add-properties' to 'false' to disable
2026-01-17T18:40:21.248-03:00  INFO 14244 --- [restartedMain] .e.DevToolsPropertyDefaultsPostProcessor : For additional web related logging consider setting the 'logging.level.web' property to 'DEBUG'
2026-01-17T18:40:21.972-03:00  INFO 14244 --- [restartedMain] .s.d.r.c.RepositoryConfigurationDelegate : Bootstrapping Spring Data JPA repositories in DEFAULT mode.
2026-01-17T18:40:22.040-03:00  INFO 14244 --- [restartedMain] .s.d.r.c.RepositoryConfigurationDelegate : Finished Spring Data repository scanning in 57 ms. Found 2 JPA repository interfaces.
2026-01-17T18:40:22.659-03:00  INFO 14244 --- [restartedMain] o.s.boot.tomcat.TomcatWebServer          : Tomcat initialized with port 8080 (http)
2026-01-17T18:40:22.676-03:00  INFO 14244 --- [restartedMain] o.apache.catalina.core.StandardService   : Starting service [Tomcat]
2026-01-17T18:40:22.677-03:00  INFO 14244 --- [restartedMain] o.apache.catalina.core.StandardEngine    : Starting Servlet engine: [Apache Tomcat/11.0.14]
2026-01-17T18:40:22.726-03:00  INFO 14244 --- [restartedMain] b.w.c.s.WebApplicationContextInitializer : Root WebApplicationContext: initialization completed in 1478 ms
2026-01-17T18:40:22.894-03:00  INFO 14244 --- [restartedMain] o.hibernate.jpa.internal.util.LogHelper  : HHH000204: Processing PersistenceUnitInfo [name: default]
2026-01-17T18:40:22.950-03:00  INFO 14244 --- [restartedMain] org.hibernate.Version                    : HHH000412: Hibernate ORM core version 7.1.8.Final
2026-01-17T18:40:23.469-03:00  INFO 14244 --- [restartedMain] o.s.o.j.p.SpringPersistenceUnitInfo      : No LoadTimeWeaver setup: ignoring JPA class transformer
2026-01-17T18:40:23.506-03:00  INFO 14244 --- [restartedMain] com.zaxxer.hikari.HikariDataSource       : HikariPool-1 - Starting...
2026-01-17T18:40:23.763-03:00  INFO 14244 --- [restartedMain] com.zaxxer.hikari.pool.HikariPool        : HikariPool-1 - Added connection org.postgresql.jdbc.PgConnection@4e7925f5
2026-01-17T18:40:23.765-03:00  INFO 14244 --- [restartedMain] com.zaxxer.hikari.HikariDataSource       : HikariPool-1 - Start completed.
2026-01-17T18:40:23.806-03:00  WARN 14244 --- [restartedMain] org.hibernate.orm.deprecation            : HHH90000025: PostgreSQLDialect does not need to be specified explicitly using 'hibernate.dialect' (remove the property setting and it will be selected by default)
2026-01-17T18:40:23.869-03:00  INFO 14244 --- [restartedMain] org.hibernate.orm.connections.pooling    : HHH10001005: Database info:
	Database JDBC URL [jdbc:postgresql://100.72.47.104:5432/cafeteria]
	Database driver: PostgreSQL JDBC Driver
	Database dialect: PostgreSQLDialect
	Database version: 18.1
	Default catalog/schema: cafeteria/public
	Autocommit mode: undefined/unknown
	Isolation level: READ_COMMITTED [default READ_COMMITTED]
	JDBC fetch size: none
	Pool: DatasourceConnectionProviderImpl
	Minimum pool size: undefined/unknown
	Maximum pool size: undefined/unknown
2026-01-17T18:40:24.793-03:00  INFO 14244 --- [restartedMain] o.h.e.t.j.p.i.JtaPlatformInitiator       : HHH000489: No JTA platform available (set 'hibernate.transaction.jta.platform' to enable JTA platform integration)
2026-01-17T18:40:25.000-03:00  INFO 14244 --- [restartedMain] j.LocalContainerEntityManagerFactoryBean : Initialized JPA EntityManagerFactory for persistence unit 'default'
2026-01-17T18:40:25.106-03:00  INFO 14244 --- [restartedMain] o.s.d.j.r.query.QueryEnhancerFactories   : Hibernate is in classpath; If applicable, HQL parser will be used.
2026-01-17T18:40:25.328-03:00  WARN 14244 --- [restartedMain] JpaBaseConfiguration$JpaWebConfiguration : spring.jpa.open-in-view is enabled by default. Therefore, database queries may be performed during view rendering. Explicitly configure spring.jpa.open-in-view to disable this warning
2026-01-17T18:40:25.429-03:00  WARN 14244 --- [restartedMain] .s.a.UserDetailsServiceAutoConfiguration : 

Using generated security password: f52a9bcd-8bf3-4576-8fd9-8b2d5d50e3dd

This generated password is for development use only. Your security configuration must be updated before running your application in production.

2026-01-17T18:40:25.437-03:00  INFO 14244 --- [restartedMain] r$InitializeUserDetailsManagerConfigurer : Global AuthenticationManager configured with UserDetailsService bean with name inMemoryUserDetailsManager
2026-01-17T18:40:25.936-03:00  INFO 14244 --- [restartedMain] o.s.boot.tomcat.TomcatWebServer          : Tomcat started on port 8080 (http) with context path '/'
2026-01-17T18:40:25.942-03:00  INFO 14244 --- [restartedMain] c.c.cafeteria.CafeteriaApplication       : Started CafeteriaApplication in 5.256 seconds (process running for 5.81)
2026-01-17T18:40:39.765-03:00  INFO 14244 --- [http-nio-8080-exec-2] o.a.c.c.C.[Tomcat].[localhost].[/]       : Initializing Spring DispatcherServlet 'dispatcherServlet'
2026-01-17T18:40:39.766-03:00  INFO 14244 --- [http-nio-8080-exec-2] o.s.web.servlet.DispatcherServlet        : Initializing Servlet 'dispatcherServlet'
2026-01-17T18:40:39.768-03:00  INFO 14244 --- [http-nio-8080-exec-2] o.s.web.servlet.DispatcherServlet        : Completed initialization in 1 ms
2026-01-17T18:41:20.065-03:00  INFO 14244 --- [SpringApplicationShutdownHook] o.s.boot.tomcat.GracefulShutdown         : Commencing graceful shutdown. Waiting for active requests to complete
2026-01-17T18:41:20.069-03:00  INFO 14244 --- [tomcat-shutdown] o.s.boot.tomcat.GracefulShutdown         : Graceful shutdown complete
2026-01-17T18:41:20.074-03:00  INFO 14244 --- [SpringApplicationShutdownHook] j.LocalContainerEntityManagerFactoryBean : Closing JPA EntityManagerFactory for persistence unit 'default'
2026-01-17T18:41:20.079-03:00  INFO 14244 --- [SpringApplicationShutdownHook] com.zaxxer.hikari.HikariDataSource       : HikariPool-1 - Shutdown initiated...
2026-01-17T18:41:20.083-03:00  INFO 14244 --- [SpringApplicationShutdownHook] com.zaxxer.hikari.HikariDataSource       : HikariPool-1 - Shutdown completed.
